../appdriver/rs485/Src/rs485.c:26:6:rs485_transmit_package	24	static
../appdriver/rs485/Src/rs485.c:32:6:rs485_receive_package	8	static
../appdriver/rs485/Src/rs485.c:49:6:rs485_format_control	16	static
../appdriver/rs485/Src/rs485.c:67:13:rs485_state_handler_HEADER	16	static
../appdriver/rs485/Src/rs485.c:80:13:rs485_state_handler_COMMA	16	static
../appdriver/rs485/Src/rs485.c:108:13:rs485_state_handler_PACKET_CHECK	16	static
../appdriver/rs485/Src/rs485.c:161:13:rs485_state_handler_TRAILER	16	static
../appdriver/rs485/Src/rs485.c:173:13:rs485_crc_control	24	static
../appdriver/rs485/Src/rs485.c:198:13:mobj_erase	16	static
../appdriver/rs485/Src/rs485.c:210:13:mobj_flag_reset	16	static
../appdriver/rs485/Src/rs485.c:218:6:rs485_find_user_command	16	static
